// Jest Snapshot v1, https://goo.gl/fbAQLP

exports[`TestComponent should render heading text correctly 1`] = `
<div>
  <div
    role="button"
  >
    test
  </div>
</div>
`;
